files/68.csv
id,week,center_id,meal_id,checkout_price,base_price,emailer_for_promotion,homepage_featured,num_orders
1211904,1,68,2139,455.93,456.93,0,0,13
1225737,3,68,2139,456.93,455.93,0,0,27
1142861,4,68,2139,434.62,432.62,0,0,28
1203642,7,68,2139,409.34,411.34,0,0,14
1485358,8,68,2139,454.93,456.93,0,0,26
1466649,9,68,2139,456.93,456.93,0,0,28
1332428,10,68,2139,454.93,456.93,0,0,15
1361798,11,68,2139,454.93,454.93,0,0,13
1168273,12,68,2139,445.29,444.29,0,0,53
1259901,13,68,2139,456.93,455.93,0,0,28
1304440,14,68,2139,456.93,456.93,0,0,26
1168186,15,68,2139,455.93,456.93,0,0,28
1055834,16,68,2139,456.93,454.93,0,0,13
1298609,18,68,2139,455.93,454.93,0,0,26
1326195,19,68,2139,455.93,455.93,0,0,54
1366815,21,68,2139,455.93,455.93,0,0,26
1479450,23,68,2139,454.93,455.93,0,0,26
1030182,25,68,2139,456.93,454.93,0,0,13
1039362,26,68,2139,455.93,455.93,0,0,14
1368475,27,68,2139,374.45,456.93,0,0,27
1199027,28,68,2139,292,455.93,0,0,67
1137438,31,68,2139,296.82,456.93,0,0,15
1007298,33,68,2139,277.45,456.93,0,0,42
1409813,34,68,2139,298.82,456.93,0,0,26
1285600,35,68,2139,297.82,455.93,0,0,28
1004530,36,68,2139,296.82,296.82,0,0,26
1092343,37,68,2139,296.82,297.82,0,0,13
1438752,38,68,2139,289.12,287.12,0,0,26
1219562,39,68,2139,288.12,289.12,0,0,41
1258966,40,68,2139,296.82,298.82,0,0,28
1376701,42,68,2139,296.82,297.82,0,0,27
1306039,43,68,2139,297.82,296.82,0,0,40
1285664,44,68,2139,307.49,309.49,0,0,15
1014559,45,68,2139,307.49,308.49,0,0,26
1173011,47,68,2139,308.49,307.49,0,0,28
1336074,48,68,2139,307.49,307.49,0,0,55
1132876,50,68,2139,308.49,308.49,0,0,15
1189376,52,68,2139,308.49,307.49,0,0,42
1289447,53,68,2139,286.21,286.21,0,0,27
1369615,54,68,2139,292.03,290.03,0,0,27
1263081,55,68,2139,292.03,290.03,0,0,13
1398702,56,68,2139,290.03,290.03,0,0,40
1177693,57,68,2139,290.03,292.03,0,0,14
1379717,58,68,2139,298.82,297.82,0,0,42
1429365,59,68,2139,308.49,307.49,0,0,13
1367536,60,68,2139,308.49,308.49,0,0,27
1317779,61,68,2139,308.49,309.49,0,0,14
1191929,63,68,2139,307.49,307.49,0,0,14
1377851,65,68,2139,307.49,308.49,0,0,28
1370426,66,68,2139,307.49,307.49,0,0,14
1049907,67,68,2139,276.48,309.49,0,0,42
1427967,68,68,2139,243.5,309.49,0,0,26
1240421,69,68,2139,243.5,309.49,0,0,15
1364158,70,68,2139,244.5,307.49,0,0,15
1026165,71,68,2139,244.5,308.49,0,0,26
1156503,72,68,2139,242.5,309.49,0,0,14
1495854,73,68,2139,277.45,276.45,0,0,14
1259520,74,68,2139,284.24,285.24,0,0,28
1197636,75,68,2139,281.33,282.33,0,0,42
1156270,77,68,2139,290.03,292.03,0,0,27
1095194,78,68,2139,291.03,292.03,0,0,42
1181843,80,68,2139,292.03,291.03,0,0,68
1419406,81,68,2139,291.03,291.03,0,0,15
1222735,82,68,2139,281.33,280.33,0,0,42
1413677,84,68,2139,283.24,284.24,0,0,53
1453735,85,68,2139,291.03,291.03,0,0,28
1071400,86,68,2139,290.03,292.03,0,0,40
1115908,87,68,2139,290.03,290.03,0,0,28
1122873,88,68,2139,292.03,290.03,0,0,27
1082200,89,68,2139,280.33,280.33,0,0,42
1422099,90,68,2139,287.15,288.15,0,0,96
1294446,91,68,2139,284.21,286.21,0,0,68
1444639,92,68,2139,292.03,290.03,0,0,27
1389696,93,68,2139,291.03,292.03,0,0,27
1147688,94,68,2139,284.24,284.24,0,0,121
1377377,95,68,2139,292.03,290.03,0,0,55
1355539,96,68,2139,290.03,292.03,0,0,40
1446243,97,68,2139,291.03,292.03,0,0,55
1377081,98,68,2139,284.21,286.21,0,0,68
1042316,99,68,2139,290.03,291.03,0,0,28
1311460,100,68,2139,288.15,288.15,0,0,96
1437203,101,68,2139,292.03,290.03,0,0,54
1191762,102,68,2139,281.33,281.33,0,0,28
1271094,104,68,2139,291.03,292.03,0,0,27
1236937,105,68,2139,262.93,292.03,0,0,26
1464525,106,68,2139,291.03,292.03,0,0,13
1466844,107,68,2139,290.03,292.03,0,0,41
1429571,108,68,2139,285.24,284.24,0,0,54
1111814,109,68,2139,284.24,285.24,0,0,54
1273544,110,68,2139,292.03,290.03,0,0,67
1278801,111,68,2139,283.24,285.24,0,0,54
1412325,112,68,2139,287.15,286.15,0,0,94
1051542,113,68,2139,292.03,291.03,0,0,26
1249570,114,68,2139,290.03,292.03,0,0,42
1167959,115,68,2139,290.03,292.03,0,0,41
1023418,116,68,2139,282.33,282.33,0,0,42
1416873,117,68,2139,291.03,292.03,0,0,28
1238860,118,68,2139,292.03,291.03,0,0,42
1179158,119,68,2139,291.03,290.03,0,0,42
1163331,120,68,2139,292.03,292.03,0,0,54
1104533,121,68,2139,291.03,291.03,0,0,55
1031210,122,68,2139,282.33,282.33,0,0,41
1456398,123,68,2139,285.24,283.24,0,0,54
1048849,124,68,2139,291.03,291.03,0,0,69
1301237,125,68,2139,285.24,284.24,0,0,53
1084101,126,68,2139,292.03,290.03,0,0,15
1461494,127,68,2139,291.03,292.03,0,0,28
1311810,128,68,2139,292.03,291.03,0,0,41
1126941,129,68,2139,290.03,290.03,0,0,68
1347913,130,68,2139,291.03,291.03,0,0,41
1385950,131,68,2139,292.03,291.03,0,0,80
1340978,132,68,2139,285.24,284.24,0,0,122
1018691,133,68,2139,292.03,292.03,0,0,67
1144018,134,68,2139,291.03,292.03,0,0,26
1472872,135,68,2139,291.03,292.03,0,0,42
1440408,136,68,2139,262.87,263.87,0,0,80
1181004,137,68,2139,260.93,260.93,0,0,13
1164911,138,68,2139,274.54,275.54,0,0,40
1037116,139,68,2139,273.6,271.6,0,0,41
1031841,140,68,2139,284.24,283.24,0,0,26
1267189,141,68,2139,279.42,278.42,0,0,123
1440704,142,68,2139,284.24,284.24,0,0,53
1045547,143,68,2139,261.93,262.93,0,0,28
1065134,144,68,2139,284.24,284.24,0,0,53
1498402,145,68,2139,283.24,284.24,0,0,53
1091161,1,68,2631,137.8,252.23,0,0,229
1171040,2,68,2631,93.12,251.23,1,0,162
1156128,3,68,2631,96.09,251.23,0,0,135
1263501,4,68,2631,94.09,251.23,0,0,188
1209261,5,68,2631,96.06,253.23,0,0,162
1214635,6,68,2631,157.14,252.23,0,0,69
1091276,7,68,2631,257.08,256.08,0,0,28
1014401,8,68,2631,254.2,252.2,0,0,41
1366552,9,68,2631,260.93,262.93,0,0,41
1318459,10,68,2631,262.93,262.93,0,0,55
1461587,11,68,2631,261.93,261.93,0,0,28
1310036,12,68,2631,250.26,250.26,0,0,68
1333798,13,68,2631,236.74,236.74,0,0,15
1441041,14,68,2631,98.03,236.74,0,0,26
1471771,15,68,2631,96.06,235.74,1,1,242
1226703,16,68,2631,96.09,235.74,0,0,81
1225907,17,68,2631,114.49,235.74,0,1,123
1136741,18,68,2631,91.21,234.74,0,1,121
1409027,19,68,2631,260.93,234.74,0,1,54
1217085,20,68,2631,262.93,262.93,0,0,15
1017747,21,68,2631,260.93,261.93,0,0,41
1062807,22,68,2631,261.93,260.93,0,0,27
1415355,23,68,2631,148.41,260.93,0,0,42
1040872,24,68,2631,95.12,262.93,1,1,148
1466788,25,68,2631,95.06,261.93,0,1,216
1243037,26,68,2631,95.12,261.93,0,1,107
1480552,27,68,2631,90.24,261.93,0,1,162
1347090,28,68,2631,138.74,260.93,0,0,40
1474746,30,68,2631,154.26,260.93,0,0,161
1460767,31,68,2631,159.14,261.93,0,1,134
1007677,32,68,2631,155.26,260.93,1,1,14
1227124,33,68,2631,155.26,261.93,1,1,41
1224966,34,68,2631,153.26,260.93,1,1,96
1062257,35,68,2631,154.26,260.93,0,1,68
1267620,36,68,2631,148.41,262.93,0,1,95
1145499,37,68,2631,155.26,261.93,0,1,40
1480262,38,68,2631,149.41,260.93,0,1,41
1350141,39,68,2631,151.38,262.93,0,1,53
1187542,40,68,2631,146.5,260.93,0,1,96
1010335,41,68,2631,92.15,261.93,1,1,431
1146892,42,68,2631,96.03,260.93,1,1,149
1335310,43,68,2631,150.35,261.93,0,1,68
1306496,44,68,2631,153.26,261.93,0,1,42
1213820,45,68,2631,154.26,262.93,0,1,14
1274965,46,68,2631,149.41,261.93,0,1,94
1393865,47,68,2631,147.5,260.93,0,1,53
1079320,48,68,2631,95.06,260.93,0,1,135
1221011,49,68,2631,96.06,261.93,0,0,68
1216528,50,68,2631,102.85,260.93,0,0,109
1191887,51,68,2631,93.12,261.93,0,1,67
1256852,52,68,2631,153.26,260.93,0,0,42
1295366,53,68,2631,153.26,153.26,0,0,26
1105102,54,68,2631,154.26,154.26,0,0,55
1256677,55,68,2631,155.26,154.26,0,0,41
1093927,56,68,2631,139.74,153.26,0,0,27
1036242,57,68,2631,155.26,155.26,0,0,54
1192371,58,68,2631,154.26,154.26,0,0,26
1186114,59,68,2631,155.26,155.26,0,0,55
1067992,60,68,2631,155.26,155.26,0,0,67
1224136,61,68,2631,149.41,149.41,0,0,95
1416890,62,68,2631,155.26,155.26,0,0,55
1048979,63,68,2631,154.26,155.26,0,0,81
1464400,64,68,2631,142.59,142.59,0,0,41
1449098,65,68,2631,155.26,154.26,0,0,69
1468981,66,68,2631,150.41,150.41,0,0,82
1447396,67,68,2631,153.26,153.26,0,0,26
1469865,68,68,2631,97.03,154.26,1,0,134
1148591,69,68,2631,98,155.26,1,0,81
1230354,70,68,2631,96.06,154.26,0,0,82
1242134,71,68,2631,95.12,154.26,0,0,135
1071465,72,68,2631,155.26,154.26,0,0,42
1416851,73,68,2631,149.41,148.41,0,0,81
1101632,74,68,2631,151.38,149.38,0,0,53
1391271,75,68,2631,150.35,150.35,0,0,67
1146990,76,68,2631,109.67,151.35,0,0,68
1333074,77,68,2631,96.06,151.35,0,0,69
1076904,78,68,2631,94.09,152.35,0,0,81
1491075,79,68,2631,99,152.35,0,0,94
1360534,80,68,2631,96.06,151.35,0,0,122
1285564,81,68,2631,131.01,152.35,0,0,40
1107020,82,68,2631,154.26,153.26,0,0,28
1060368,83,68,2631,146.5,146.5,0,0,28
1355879,84,68,2631,154.26,154.26,0,0,95
1025131,85,68,2631,102.82,154.26,1,0,107
1032877,86,68,2631,95.09,153.26,0,0,80
1217528,87,68,2631,99,153.26,0,0,96
1333878,88,68,2631,99,154.26,0,0,28
1128164,89,68,2631,90.21,153.26,0,0,107
1420099,90,68,2631,154.26,153.26,0,0,68
1159758,91,68,2631,149.38,151.38,0,0,53
1476688,92,68,2631,150.41,148.41,0,0,40
1267014,93,68,2631,151.38,150.38,0,0,107
1237976,94,68,2631,142.59,142.59,0,0,82
1286655,95,68,2631,155.26,153.26,0,0,27
1238983,96,68,2631,146.53,145.53,0,0,95
1378347,97,68,2631,155.26,155.26,0,0,68
1274253,98,68,2631,145.5,146.5,0,0,26
1022308,99,68,2631,154.26,154.26,0,0,40
1429491,100,68,2631,97.97,153.26,0,0,175
1122285,101,68,2631,91.21,154.26,0,0,204
1308681,102,68,2631,95.09,153.26,0,0,95
1207375,103,68,2631,97,154.26,0,0,41
1271119,104,68,2631,109.64,154.26,0,0,27
1101475,105,68,2631,125.13,153.26,0,0,28
1043691,106,68,2631,151.35,150.35,0,0,80
1306338,107,68,2631,154.26,155.26,0,0,81
1312167,109,68,2631,155.26,154.26,0,0,27
1326082,110,68,2631,148.41,148.41,0,0,41
1286993,111,68,2631,153.26,153.26,0,0,15
1091875,112,68,2631,151.35,152.35,0,0,67
1483671,113,68,2631,147.5,147.5,0,0,55
1241999,114,68,2631,152.35,150.35,0,0,68
1292668,115,68,2631,155.26,153.26,0,0,14
1088527,116,68,2631,145.5,147.5,0,0,28
1166417,117,68,2631,151.38,151.38,0,0,54
1107067,118,68,2631,146.5,147.5,0,0,55
1339196,119,68,2631,146.5,147.5,0,0,26
1251681,120,68,2631,155.26,154.26,0,0,41
1193155,121,68,2631,97.97,153.26,1,0,203
1264345,122,68,2631,94.15,154.26,0,0,26
1365332,123,68,2631,93.15,153.26,0,0,13
1102988,125,68,2631,148.41,148.41,0,0,96
1176864,126,68,2631,155.26,155.26,0,0,82
1194875,127,68,2631,153.26,154.26,0,0,69
1279158,128,68,2631,153.26,154.26,0,0,81
1446365,129,68,2631,153.26,154.26,0,0,26
1288019,130,68,2631,154.26,153.26,0,0,14
1208064,131,68,2631,145.5,146.5,0,0,55
1216610,132,68,2631,149.38,150.38,0,0,55
1010013,133,68,2631,144.59,142.59,0,0,41
1263985,134,68,2631,98.03,142.59,1,0,257
1438560,135,68,2631,99,144.59,0,0,53
1298920,136,68,2631,96.03,143.59,0,0,177
1122979,137,68,2631,96.06,144.59,0,0,258
1153188,138,68,2631,93.15,144.59,0,0,148
1046970,139,68,2631,94.09,142.59,0,0,40
1042835,140,68,2631,97,144.59,0,0,94
1354814,142,68,2631,155.26,155.26,0,0,15
1102412,143,68,2631,150.41,149.41,0,0,41
1243250,144,68,2631,148.41,148.41,0,0,80
1195324,145,68,2631,148.44,147.44,0,0,69
1407447,1,68,1248,167.87,253.23,0,0,54
1351094,2,68,1248,97,251.23,1,0,82
1496394,3,68,1248,99,252.23,0,0,81
1199646,4,68,1248,99,253.23,0,0,107
1069748,5,68,1248,109.61,253.23,0,0,177
1123888,6,68,1248,180.45,253.23,0,0,26
1048396,8,68,1248,249.32,249.32,0,0,28
1457055,10,68,1248,253.2,253.2,0,0,40
1090096,12,68,1248,235.74,235.74,0,0,27
1493834,14,68,1248,261.93,262.93,0,0,27
1130915,15,68,1248,96.09,261.93,1,1,229
1036300,16,68,1248,93.12,260.93,0,1,134
1268151,17,68,1248,98.03,261.93,0,1,55
1361362,18,68,1248,97.06,261.93,0,1,121
1246785,19,68,1248,262.93,262.93,0,0,28
1246743,20,68,1248,260.93,262.93,0,0,27
1382401,21,68,1248,236.74,262.93,0,0,13
1061316,23,68,1248,204.73,261.93,0,0,42
1081249,24,68,1248,95.06,261.93,1,1,121
1273358,25,68,1248,97.06,261.93,0,1,176
1447738,26,68,1248,71.81,262.93,0,1,95
1116089,27,68,1248,96.09,260.93,0,1,95
1297395,29,68,1248,155.26,262.93,0,0,26
1095881,30,68,1248,146.5,260.93,0,0,28
1232058,31,68,1248,139.74,261.93,0,0,14
1267784,32,68,1248,155.26,262.93,1,0,15
1257464,33,68,1248,139.74,261.93,1,0,13
1126641,34,68,1248,150.38,261.93,1,0,55
1127895,35,68,1248,153.26,262.93,0,0,40
1009100,36,68,1248,155.26,153.26,0,0,27
1127673,37,68,1248,154.26,154.26,0,0,41
1107515,38,68,1248,155.26,154.26,0,0,41
1450634,39,68,1248,142.59,143.59,0,0,81
1217279,40,68,1248,137.74,144.59,0,1,15
1059336,41,68,1248,96.03,142.59,1,1,311
1478582,42,68,1248,98,143.59,1,1,162
1399577,43,68,1248,155.26,143.59,0,1,69
1147848,44,68,1248,138.74,138.74,0,0,55
1435252,45,68,1248,154.26,155.26,0,0,13
1386896,46,68,1248,147.5,145.5,0,0,27
1499961,47,68,1248,153.26,154.26,0,0,42
1204099,48,68,1248,92.15,154.26,0,0,26
1186600,49,68,1248,96.09,155.26,0,0,95
1139451,50,68,1248,96.09,153.26,0,0,41
1003507,51,68,1248,89.3,154.26,0,0,41
1214262,52,68,1248,137.74,153.26,0,0,27
1045783,53,68,1248,153.26,155.26,0,0,40
1215382,54,68,1248,153.26,155.26,0,0,27
1064986,55,68,1248,155.26,154.26,0,0,54
1488841,56,68,1248,153.26,154.26,0,0,13
1438206,57,68,1248,155.26,154.26,0,0,27
1474739,58,68,1248,149.38,151.38,0,0,54
1375393,59,68,1248,150.38,151.38,0,0,55
1092018,60,68,1248,154.26,154.26,0,0,67
1263721,61,68,1248,154.26,154.26,0,0,26
1128380,63,68,1248,154.26,155.26,0,0,41
1433172,64,68,1248,153.26,155.26,0,0,28
1457954,65,68,1248,154.26,153.26,0,0,40
1333468,66,68,1248,154.26,154.26,0,0,14
1181385,67,68,1248,150.38,150.38,0,0,121
1494033,68,68,1248,97,149.38,1,0,107
1402721,69,68,1248,99,149.38,1,0,55
1166344,70,68,1248,96.06,149.38,0,0,55
1408745,71,68,1248,97,149.38,0,0,82
1471252,72,68,1248,153.26,153.26,0,0,42
1289247,73,68,1248,155.26,154.26,0,0,14
1086739,74,68,1248,153.26,153.26,0,0,40
1235066,75,68,1248,151.38,151.38,0,0,55
1200468,76,68,1248,155.26,154.26,0,0,28
1256152,77,68,1248,168.78,169.78,0,0,107
1485230,78,68,1248,99,170.78,0,0,13
1213358,79,68,1248,97,168.78,0,0,42
1409093,80,68,1248,90.24,168.78,0,0,67
1067105,81,68,1248,88.3,169.78,0,0,13
1399899,83,68,1248,153.26,153.26,0,0,13
1086008,84,68,1248,154.26,153.26,0,0,55
1355960,85,68,1248,97,153.26,1,0,80
1289636,86,68,1248,97,154.26,0,0,41
1034808,87,68,1248,99,154.26,0,0,26
1256340,88,68,1248,99,154.26,0,0,28
1211962,89,68,1248,97,155.26,0,0,14
1021144,90,68,1248,151.38,149.38,0,0,55
1287512,91,68,1248,147.5,146.5,0,0,27
1045812,95,68,1248,138.74,138.74,0,0,26
1005187,98,68,1248,150.35,151.35,0,0,67
1305490,99,68,1248,97,151.35,0,0,15
1197055,100,68,1248,99,150.35,0,0,42
1102881,101,68,1248,96.06,152.35,0,0,55
1108494,102,68,1248,94.09,151.35,0,0,40
1473088,103,68,1248,107.7,152.35,0,0,40
1410679,104,68,1248,93.12,151.35,0,0,67
1228885,105,68,1248,93.15,94.15,0,0,27
1190540,106,68,1248,139.74,137.74,0,0,13
1413005,107,68,1248,155.26,155.26,0,0,40
1251646,108,68,1248,153.26,153.26,0,0,27
1294754,109,68,1248,154.26,155.26,0,0,42
1415793,110,68,1248,137.74,153.26,0,0,26
1381654,111,68,1248,153.26,153.26,0,0,14
1146322,112,68,1248,151.38,149.38,0,0,53
1459714,113,68,1248,147.5,145.5,0,0,55
1366996,114,68,1248,155.26,155.26,0,0,13
1047064,115,68,1248,155.26,154.26,0,0,26
1129672,116,68,1248,154.26,154.26,0,0,41
1060561,117,68,1248,149.41,148.41,0,0,41
1113519,118,68,1248,147.5,146.5,0,0,55
1091105,119,68,1248,147.5,146.5,0,0,27
1178929,120,68,1248,153.26,155.26,0,0,13
1190096,121,68,1248,96.06,154.26,1,0,81
1493191,122,68,1248,93.15,154.26,0,0,53
1256516,123,68,1248,99,153.26,0,0,15
1309305,124,68,1248,96.09,155.26,0,0,82
1301405,125,68,1248,153.26,153.26,0,0,28
1240852,126,68,1248,151.38,149.38,0,0,55
1352057,127,68,1248,155.26,155.26,0,0,28
1276880,128,68,1248,137.74,153.26,0,0,15
1107998,129,68,1248,155.26,153.26,0,0,26
1097709,130,68,1248,151.38,149.38,0,0,53
1297977,133,68,1248,138.74,137.74,0,0,28
1331222,134,68,1248,97.03,139.74,1,0,134
1492223,135,68,1248,97,139.74,0,0,13
1173809,136,68,1248,96.06,139.74,0,0,163
1462992,137,68,1248,97.03,139.74,0,0,121
1331645,138,68,1248,99,138.74,0,0,82
1152946,139,68,1248,93.12,139.74,0,0,69
1368281,140,68,1248,97,139.74,0,0,53
1436143,141,68,1248,154.26,155.26,0,0,15
1183409,143,68,1248,151.38,151.38,0,0,55
1430469,144,68,1248,154.26,153.26,0,0,69
