files/68.csv
id,week,center_id,meal_id,checkout_price,base_price,emailer_for_promotion,homepage_featured,num_orders
1380307,1,68,1207,325.01,325.01,0,0,94
1174856,2,68,1207,317.22,318.22,0,0,53
1279945,3,68,1207,315.25,316.25,0,0,54
1322748,4,68,1207,310.43,309.43,0,0,121
1466548,5,68,1207,314.28,315.28,0,0,95
1278445,6,68,1207,325.98,323.98,0,0,95
1198747,7,68,1207,323.98,324.98,0,0,42
1202612,8,68,1207,317.22,318.22,0,0,109
1426212,9,68,1207,319.13,320.13,0,0,94
1355938,10,68,1207,324.01,324.01,0,0,94
1472238,11,68,1207,309.49,309.49,0,0,28
1062830,12,68,1207,322.1,322.1,0,0,121
1391425,13,68,1207,309.49,308.49,0,0,54
1328204,14,68,1207,323.98,324.98,0,0,108
1277936,15,68,1207,319.16,320.16,0,0,81
1439993,16,68,1207,320.1,320.1,0,0,109
1217163,17,68,1207,325.01,321.1,1,0,69
1050316,18,68,1207,314.34,321.1,1,0,121
1301142,19,68,1207,315.25,316.25,0,0,107
1283013,20,68,1207,324.98,323.98,0,0,95
1140093,21,68,1207,324.01,325.01,0,0,54
1247505,22,68,1207,323.98,324.98,0,0,82
1184930,23,68,1207,325.98,325.98,0,0,55
1239195,24,68,1207,315.28,315.28,0,0,135
1442694,25,68,1207,323.01,324.01,0,0,108
1157410,26,68,1207,323.98,323.98,0,0,28
1112914,27,68,1207,324.01,323.01,0,0,26
1478578,28,68,1207,325.01,323.01,0,0,68
1051236,29,68,1207,316.25,315.25,0,0,162
1070832,30,68,1207,324.98,324.98,0,0,55
1152348,31,68,1207,323.01,324.01,0,0,41
1269542,32,68,1207,324.98,323.98,0,0,55
1314782,33,68,1207,324.01,324.01,0,0,40
1357304,34,68,1207,324.98,323.98,0,0,55
1318918,35,68,1207,309.49,307.49,0,0,109
1096255,36,68,1207,306.58,304.58,0,0,68
1013572,37,68,1207,325.98,324.98,0,0,81
1259917,38,68,1207,320.16,318.16,0,0,81
1365167,39,68,1207,320.1,322.1,0,0,67
1394957,40,68,1207,306.58,305.58,0,0,67
1277529,41,68,1207,324.01,323.01,0,0,123
1190547,42,68,1207,325.98,323.98,0,0,40
1164559,43,68,1207,324.01,323.01,0,0,40
1423882,44,68,1207,325.01,323.01,0,0,109
1345707,45,68,1207,319.16,318.16,0,0,82
1401410,46,68,1207,316.25,315.25,0,0,203
1479004,47,68,1207,324.98,324.98,0,0,68
1464724,48,68,1207,315.25,317.25,0,0,150
1277008,49,68,1207,285.18,316.25,1,1,176
1120123,50,68,1207,286.21,316.25,0,1,135
1292102,51,68,1207,284.21,315.25,1,1,284
1345572,52,68,1207,290.09,315.25,1,1,217
1444015,53,68,1207,317.19,319.19,0,0,55
1493632,54,68,1207,323.98,324.98,0,0,94
1417036,55,68,1207,322.1,321.1,0,0,121
1368137,56,68,1207,309.49,307.49,0,0,81
1101783,57,68,1207,311.37,313.37,0,0,109
1181583,58,68,1207,318.22,316.22,0,0,54
1241443,59,68,1207,323.01,323.01,0,0,107
1219705,60,68,1207,310.4,310.4,0,0,108
1155222,61,68,1207,319.13,320.13,0,0,81
1047415,62,68,1207,319.16,319.16,0,0,42
1245686,63,68,1207,320.16,318.16,0,0,26
1405448,64,68,1207,313.34,313.34,0,0,81
1494226,65,68,1207,323.98,324.98,0,0,54
1383472,66,68,1207,274.51,324.98,0,0,55
1338359,67,68,1207,315.25,315.25,0,0,161
1387020,68,68,1207,323.01,323.01,0,0,68
1346207,69,68,1207,325.01,324.01,0,0,68
1319751,70,68,1207,300.76,299.76,0,0,123
1233959,71,68,1207,309.49,309.49,0,0,81
1229938,72,68,1207,301.73,300.73,0,0,54
1207712,73,68,1207,325.98,325.98,0,0,26
1136302,74,68,1207,317.22,317.22,0,0,55
1019553,75,68,1207,299.73,299.73,0,0,109
1368020,76,68,1207,308.49,309.49,0,0,28
1417214,77,68,1207,314.31,315.31,0,0,80
1015475,78,68,1207,325.98,323.98,0,0,41
1097106,79,68,1207,321.1,322.1,0,0,109
1444868,80,68,1207,325.01,323.01,0,0,67
1396725,81,68,1207,316.22,318.22,0,0,40
1109265,82,68,1207,324.01,324.01,0,0,42
1135990,83,68,1207,320.16,320.16,0,0,161
1443984,84,68,1207,314.31,315.31,0,0,40
1384168,85,68,1207,323.98,323.98,0,0,15
1312856,86,68,1207,317.22,316.22,0,0,54
1142834,87,68,1207,319.16,320.16,0,0,80
1349958,88,68,1207,309.49,308.49,0,0,204
1300478,89,68,1207,319.13,320.13,0,0,95
1197391,90,68,1207,324.01,324.01,0,0,69
1026486,91,68,1207,318.16,319.16,0,0,82
1197250,92,68,1207,317.19,317.19,0,0,68
1305860,93,68,1207,325.98,324.98,0,0,15
1243786,94,68,1207,314.31,314.31,0,0,41
1284279,95,68,1207,323.98,324.98,0,0,54
1343000,96,68,1207,325.01,323.01,0,0,69
1183130,97,68,1207,325.98,323.98,0,0,13
1330922,98,68,1207,294.88,294.88,0,0,28
1045526,99,68,1207,276.48,276.48,0,0,26
1470336,100,68,1207,319.19,318.19,0,0,135
1394146,101,68,1207,289.12,318.19,1,0,134
1238052,102,68,1207,292.03,291.03,0,0,27
1390212,103,68,1207,275.48,277.48,0,0,53
1086541,104,68,1207,282.3,282.3,0,0,69
1009053,105,68,1207,288.12,289.12,0,0,243
1111402,106,68,1207,286.18,286.18,0,0,176
1363140,107,68,1207,276.48,275.48,0,0,67
1256683,108,68,1207,290.03,290.03,0,0,68
1178369,109,68,1207,285.24,283.24,0,0,231
1151041,110,68,1207,320.13,320.13,0,0,80
1299434,111,68,1207,320.1,319.13,1,1,229
1498710,112,68,1207,315.25,319.13,0,1,149
1473101,113,68,1207,314.31,313.31,0,0,41
1370394,114,68,1207,300.73,301.73,0,0,54
1492396,115,68,1207,319.13,319.13,0,0,95
1188395,116,68,1207,325.98,323.98,0,0,121
1247479,117,68,1207,325.98,324.98,0,0,189
1020962,118,68,1207,320.1,320.1,0,0,121
1129518,119,68,1207,319.19,318.19,0,0,55
1244189,120,68,1207,324.98,323.98,0,0,69
1014917,121,68,1207,322.1,324.98,1,0,136
1223532,122,68,1207,316.22,316.22,0,0,121
1106424,123,68,1207,324.98,324.98,0,0,42
1064222,124,68,1207,305.61,305.61,0,0,150
1015146,125,68,1207,325.01,325.01,0,0,69
1076121,126,68,1207,325.01,323.01,0,0,81
1026645,127,68,1207,369.63,367.63,0,0,14
1425424,128,68,1207,369.63,367.63,0,0,26
1031510,129,68,1207,314.34,367.63,1,0,80
1275810,130,68,1207,323.01,369.63,0,0,122
1392009,131,68,1207,321.1,368.63,0,0,242
1042115,132,68,1207,315.28,368.63,1,0,136
1323146,133,68,1207,348.29,347.29,0,0,54
1174175,134,68,1207,367.63,368.63,0,0,42
1162479,135,68,1207,359.9,358.9,0,0,53
1285316,136,68,1207,345.32,346.32,0,0,95
1099456,137,68,1207,356.02,357.02,0,0,82
1274986,138,68,1207,369.63,367.63,0,0,28
1491838,139,68,1207,360.9,359.9,0,0,28
1433865,140,68,1207,369.63,367.63,0,0,55
1219914,141,68,1207,367.63,367.63,0,0,14
1112435,142,68,1207,369.63,368.63,0,0,41
1497239,143,68,1207,368.63,369.63,0,0,14
1117799,144,68,1207,367.63,367.63,0,0,40
1281143,145,68,1207,333.71,334.71,0,0,68
1136211,1,68,1230,321.1,321.1,0,0,107
1393149,2,68,1230,317.22,316.22,0,0,54
1356591,3,68,1230,306.58,305.58,0,0,69
1233575,4,68,1230,325.98,324.98,0,0,107
1366171,5,68,1230,324.01,324.01,0,0,26
1393178,6,68,1230,309.46,309.46,0,0,27
1428016,7,68,1230,318.19,318.19,0,0,69
1163737,8,68,1230,323.98,324.98,0,0,55
1195729,9,68,1230,317.25,317.25,0,0,55
1419293,10,68,1230,323.01,323.01,0,0,41
1191019,11,68,1230,307.49,308.49,0,0,27
1398792,12,68,1230,324.98,323.98,0,0,27
1398468,13,68,1230,323.98,324.98,0,0,54
1121430,14,68,1230,323.98,323.98,0,0,80
1196311,15,68,1230,322.1,321.1,0,0,134
1166153,16,68,1230,319.19,318.19,0,0,68
1216006,17,68,1230,316.25,319.19,1,0,109
1178574,18,68,1230,323.01,318.19,1,0,122
1206175,19,68,1230,325.98,325.98,0,0,148
1270583,20,68,1230,318.16,320.16,0,0,177
1051431,21,68,1230,324.98,324.98,0,0,109
1206562,22,68,1230,325.98,325.98,0,0,54
1244752,23,68,1230,311.4,312.4,0,0,135
1340532,24,68,1230,316.28,316.28,0,0,95
1235083,25,68,1230,325.98,323.98,0,0,40
1095902,26,68,1230,323.98,324.98,0,0,69
1367805,27,68,1230,323.98,324.98,0,0,82
1142949,28,68,1230,325.98,324.98,0,0,55
1143047,29,68,1230,317.19,317.19,0,0,69
1198311,30,68,1230,323.01,323.01,0,0,82
1353706,31,68,1230,317.19,318.19,0,0,190
1448484,32,68,1230,323.98,323.98,0,0,54
1355119,33,68,1230,324.01,323.01,0,0,14
1413869,34,68,1230,319.16,318.16,0,0,81
1146607,35,68,1230,323.98,325.98,0,0,69
1006431,36,68,1230,314.34,312.34,0,0,121
1293734,37,68,1230,324.98,325.98,0,0,55
1062289,38,68,1230,323.98,325.98,0,0,41
1372540,39,68,1230,322.1,322.1,0,0,53
1353865,40,68,1230,323.01,324.01,0,0,82
1319932,41,68,1230,324.01,325.01,0,0,96
1212218,42,68,1230,323.01,324.01,0,0,55
1156389,43,68,1230,324.98,324.98,0,0,27
1258357,44,68,1230,317.19,317.19,0,0,55
1046356,45,68,1230,307.49,307.49,0,0,27
1471193,46,68,1230,318.19,317.19,0,0,123
1170073,47,68,1230,324.98,324.98,0,0,67
1060662,48,68,1230,318.19,317.19,0,0,189
1015946,49,68,1230,273.6,318.19,1,1,95
1479046,50,68,1230,288.12,317.19,0,1,270
1464140,51,68,1230,292.03,318.19,1,1,189
1202624,52,68,1230,284.21,318.19,1,1,269
1030653,53,68,1230,323.07,317.19,0,1,177
1355117,54,68,1230,325.98,323.98,0,0,95
1285094,55,68,1230,323.98,325.98,0,0,68
1162612,56,68,1230,324.01,324.01,0,0,68
1320287,57,68,1230,323.01,323.01,0,0,149
1194664,58,68,1230,294.88,296.88,0,0,107
1311081,59,68,1230,313.37,311.37,0,0,107
1159821,60,68,1230,260.99,313.37,0,0,67
1324193,61,68,1230,307.49,308.49,0,0,28
1306330,62,68,1230,253.23,307.49,0,0,27
1009813,63,68,1230,320.16,318.16,0,0,53
1230548,64,68,1230,322.07,323.07,0,0,161
1005409,65,68,1230,308.46,309.46,0,0,203
1287767,66,68,1230,314.28,314.28,0,0,55
1447338,67,68,1230,324.01,324.01,0,0,67
1191663,68,68,1230,318.19,317.19,0,0,67
1492322,69,68,1230,300.73,301.73,0,0,163
1135945,70,68,1230,325.01,323.01,0,0,109
1316304,71,68,1230,306.55,306.55,0,0,123
1060110,72,68,1230,314.31,314.31,0,0,41
1365317,73,68,1230,308.49,309.49,0,0,161
1233609,74,68,1230,307.55,307.55,0,0,148
1333905,75,68,1230,309.49,309.49,0,0,162
1263014,76,68,1230,325.98,325.98,0,0,55
1007761,77,68,1230,325.98,325.98,0,0,40
1392912,78,68,1230,323.98,324.98,0,0,40
1346531,79,68,1230,323.98,324.98,0,0,41
1288502,80,68,1230,325.98,325.98,0,0,96
1192937,81,68,1230,318.16,320.16,0,0,81
1171953,82,68,1230,323.98,324.98,0,0,80
1499207,83,68,1230,319.13,319.13,0,0,107
1457149,84,68,1230,325.01,324.01,0,0,122
1359801,85,68,1230,323.98,324.98,0,0,14
1130692,86,68,1230,315.25,316.25,0,0,55
1499776,87,68,1230,321.13,319.13,0,0,107
1484140,88,68,1230,319.13,320.13,0,0,96
1400627,89,68,1230,323.98,323.98,0,0,27
1023562,90,68,1230,318.22,317.22,0,0,55
1275272,91,68,1230,323.98,324.98,0,0,67
1026241,92,68,1230,324.01,325.01,0,0,42
1415645,93,68,1230,315.28,315.28,0,0,95
1390141,94,68,1230,308.49,307.49,0,0,82
1035970,95,68,1230,325.98,324.98,0,0,15
1372198,96,68,1230,325.98,325.98,0,0,67
1104914,97,68,1230,313.34,314.34,0,0,108
1148423,98,68,1230,325.98,324.98,0,0,108
1361091,99,68,1230,291.03,325.98,0,0,28
1084680,100,68,1230,312.37,311.37,0,0,67
1142531,101,68,1230,286.18,312.37,1,0,148
1082613,102,68,1230,278.42,311.37,0,0,123
1360439,103,68,1230,286.18,287.18,0,0,96
1124392,105,68,1230,292.03,291.03,0,0,215
1146044,106,68,1230,291.03,292.03,0,0,108
1048635,107,68,1230,285.21,285.21,0,0,27
1157062,108,68,1230,279.39,279.39,0,0,53
1231416,109,68,1230,290.03,292.03,0,0,82
1334934,110,68,1230,315.28,314.28,0,0,95
1113427,111,68,1230,313.34,315.28,1,1,298
1030240,112,68,1230,320.1,316.28,0,1,123
1168159,113,68,1230,324.98,324.98,0,0,15
1246442,114,68,1230,309.49,308.49,0,0,28
1136196,115,68,1230,319.16,318.16,0,0,95
1369862,116,68,1230,319.13,320.13,0,0,176
1468960,117,68,1230,320.16,320.16,0,0,82
1473465,118,68,1230,323.98,325.98,0,0,149
1359833,119,68,1230,323.98,323.98,0,0,41
1108272,120,68,1230,325.01,323.01,0,0,42
1193737,121,68,1230,320.16,323.01,1,1,244
1455977,122,68,1230,320.16,320.16,0,0,161
1370582,123,68,1230,325.98,323.98,0,0,80
1320353,124,68,1230,324.01,323.01,0,0,80
1186610,125,68,1230,323.98,324.98,0,0,53
1413757,126,68,1230,323.07,321.07,0,0,175
1280575,127,68,1230,367.63,368.63,0,0,55
1467602,128,68,1230,369.63,367.63,0,0,67
1078886,129,68,1230,319.16,369.63,1,0,175
1310543,130,68,1230,317.22,367.63,0,1,161
1196214,131,68,1230,317.22,369.63,0,0,148
1096298,132,68,1230,316.22,367.63,1,0,190
1053796,133,68,1230,367.63,368.63,0,0,28
1118217,134,68,1230,369.63,369.63,0,0,96
1467075,135,68,1230,369.63,368.63,0,0,80
1248766,136,68,1230,369.63,367.63,0,0,41
1368826,137,68,1230,367.63,369.63,0,0,42
1397093,138,68,1230,340.47,341.47,0,0,40
1158090,139,68,1230,364.78,364.78,0,0,95
1346886,140,68,1230,369.63,369.63,0,0,55
1309024,141,68,1230,353.08,355.08,0,0,55
1092829,142,68,1230,350.2,349.2,0,0,26
1298376,143,68,1230,367.63,367.63,0,0,27
1275763,144,68,1230,355.99,356.99,0,0,67
1350877,145,68,1230,309.43,357.99,0,0,26
1436505,1,68,2322,323.01,325.01,0,0,94
1377210,2,68,2322,323.98,324.98,0,0,148
1019443,3,68,2322,325.01,324.01,0,0,107
1114469,4,68,2322,322.07,323.07,0,0,189
1026326,5,68,2322,322.1,322.1,0,0,148
1231765,6,68,2322,321.1,321.1,0,0,109
1306005,7,68,2322,311.43,311.43,0,0,94
1464687,8,68,2322,324.98,323.98,0,0,40
1027821,9,68,2322,317.19,319.19,0,0,68
1121273,10,68,2322,323.98,324.98,0,0,95
1189660,11,68,2322,324.98,323.98,0,0,40
1370252,12,68,2322,323.98,324.98,0,0,13
1219620,13,68,2322,323.01,324.01,0,0,54
1104549,14,68,2322,284.24,325.01,0,0,107
1328507,15,68,2322,325.01,324.01,0,0,95
1029650,16,68,2322,325.98,324.98,0,0,81
1483347,17,68,2322,321.1,325.98,1,0,123
1467754,18,68,2322,319.13,324.98,1,0,109
1223654,19,68,2322,323.01,324.01,0,0,54
1441664,20,68,2322,323.01,325.01,0,0,69
1284895,21,68,2322,325.01,323.01,0,0,123
1349700,23,68,2322,325.98,324.98,0,0,107
1100405,24,68,2322,320.1,320.1,0,0,136
1384074,25,68,2322,324.01,325.01,0,0,67
1034096,26,68,2322,324.98,324.98,0,0,27
1456129,27,68,2322,324.98,323.98,0,0,82
1081415,28,68,2322,321.1,322.1,0,0,122
1298160,29,68,2322,324.98,323.98,0,0,107
1286233,30,68,2322,323.98,324.98,0,0,55
1108773,31,68,2322,324.01,324.01,0,0,134
1104372,32,68,2322,291,293,0,0,40
1092321,33,68,2322,323.98,323.98,0,0,69
1028995,34,68,2322,299.73,301.73,0,0,54
1145066,35,68,2322,312.37,313.37,0,0,107
1152121,36,68,2322,324.01,325.01,0,0,69
1408328,37,68,2322,308.49,308.49,0,0,26
1389592,38,68,2322,271.66,309.49,0,0,81
1313985,39,68,2322,323.01,323.01,0,0,68
1362881,40,68,2322,320.1,321.1,0,0,150
1219778,41,68,2322,323.98,325.98,0,0,122
1000853,42,68,2322,324.98,325.98,0,0,68
1355221,43,68,2322,324.98,325.98,0,0,69
1092998,44,68,2322,324.98,324.98,0,0,94
1486202,45,68,2322,320.1,320.1,0,0,123
1024402,46,68,2322,320.13,320.13,0,0,108
1157204,47,68,2322,324.98,325.98,0,0,53
1041308,48,68,2322,325.98,323.98,0,0,121
1198556,49,68,2322,288.12,323.98,1,0,148
1186684,50,68,2322,287.15,325.98,0,1,324
1011660,51,68,2322,291.03,324.98,1,0,176
1111105,52,68,2322,292.03,323.98,1,1,190
1142766,53,68,2322,324.98,324.98,0,1,69
1422188,54,68,2322,323.01,324.01,0,0,188
1491313,55,68,2322,324.98,323.98,0,0,108
1133265,56,68,2322,321.1,321.1,0,0,135
1382921,57,68,2322,319.13,319.13,0,0,96
1444507,58,68,2322,294.91,294.91,0,0,204
1126074,59,68,2322,324.98,324.98,0,0,55
1396834,60,68,2322,320.16,319.16,0,0,80
1438539,61,68,2322,321.07,323.07,0,0,175
1455170,62,68,2322,323.01,325.01,0,0,40
1097697,63,68,2322,319.19,319.19,0,0,26
1056265,64,68,2322,308.49,307.49,0,0,81
1363704,65,68,2322,323.01,323.01,0,0,67
1121849,66,68,2322,323.98,324.98,0,0,69
1020595,67,68,2322,325.98,324.98,0,0,55
1264894,68,68,2322,283.27,323.98,0,0,94
1128838,69,68,2322,323.01,325.01,0,0,150
1272848,70,68,2322,308.49,308.49,0,0,107
1403923,71,68,2322,310.43,310.43,0,0,148
1400493,72,68,2322,324.98,324.98,0,0,55
1151094,73,68,2322,323.98,324.98,0,0,82
1280627,74,68,2322,325.98,324.98,0,0,55
1469742,75,68,2322,325.98,323.98,0,0,41
1481397,76,68,2322,313.31,315.31,0,0,40
1073518,77,68,2322,321.1,322.1,0,0,136
1272996,78,68,2322,324.01,324.01,0,0,42
1031674,79,68,2322,324.98,324.98,0,0,107
1165825,80,68,2322,325.98,323.98,0,0,122
1134110,81,68,2322,321.07,323.07,0,0,148
1251173,82,68,2322,323.01,324.01,0,0,202
1302820,83,68,2322,323.98,325.98,0,0,68
1231403,84,68,2322,305.61,303.61,0,0,122
1194325,85,68,2322,323.98,325.98,0,0,13
1225332,86,68,2322,318.19,317.19,0,0,136
1114990,87,68,2322,325.98,324.98,0,0,109
1310805,88,68,2322,320.1,322.1,0,0,121
1335183,89,68,2322,316.22,318.22,0,0,109
1094583,90,68,2322,315.25,315.25,0,0,162
1099505,91,68,2322,316.28,314.28,0,0,135
1108631,92,68,2322,313.31,313.31,0,0,40
1411644,93,68,2322,319.16,320.16,0,0,80
1100391,94,68,2322,325.98,324.98,0,0,13
1102770,95,68,2322,307.49,307.49,0,0,108
1034078,96,68,2322,317.19,317.19,0,0,123
1193173,97,68,2322,325.98,325.98,0,0,108
1451641,98,68,2322,316.28,315.28,0,0,80
1156726,99,68,2322,291.03,291.03,0,0,121
1239489,100,68,2322,323.98,323.98,0,0,53
1005537,101,68,2322,291.03,325.98,1,0,121
1318867,102,68,2322,290.03,325.98,0,0,109
1431184,103,68,2322,289.09,323.98,0,0,161
1162594,104,68,2322,290.03,324.98,0,0,81
1059137,105,68,2322,289.09,323.98,0,0,189
1421011,106,68,2322,282.27,324.98,0,0,150
1454654,107,68,2322,291.03,325.98,0,0,67
1251740,108,68,2322,281.33,281.33,0,0,94
1407310,109,68,2322,288.15,286.15,0,0,108
1056381,110,68,2322,324.01,325.01,0,0,95
1298593,111,68,2322,320.13,325.01,1,1,270
1367145,112,68,2322,323.07,324.01,0,1,177
1165654,113,68,2322,306.55,306.55,0,0,67
1362904,114,68,2322,324.01,324.01,0,0,95
1404344,115,68,2322,325.01,324.01,0,0,135
1074221,116,68,2322,320.1,320.1,0,0,202
1021008,117,68,2322,323.01,324.01,0,0,136
1219069,118,68,2322,323.01,323.01,0,0,149
1082655,119,68,2322,320.13,321.13,0,0,95
1450034,120,68,2322,325.01,323.01,0,0,122
1334526,121,68,2322,324.01,323.01,1,1,134
1215912,122,68,2322,323.01,323.01,0,0,135
1374740,123,68,2322,324.98,325.98,0,0,28
1249369,124,68,2322,322.1,320.1,0,0,109
1175268,125,68,2322,324.98,325.98,0,0,26
1410496,126,68,2322,315.31,315.31,0,0,40
1134699,127,68,2322,367.63,368.63,0,0,82
1106487,128,68,2322,367.63,367.63,0,0,53
1339440,129,68,2322,315.25,369.63,1,1,216
1320551,130,68,2322,313.37,368.63,0,0,149
1362464,131,68,2322,322.07,368.63,0,0,163
1471445,132,68,2322,327.92,367.63,1,0,216
1166665,133,68,2322,363.81,362.81,0,0,54
1331202,134,68,2322,367.63,368.63,0,0,109
1068403,135,68,2322,367.63,368.63,0,0,204
1346859,136,68,2322,369.63,367.63,0,0,108
1326263,137,68,2322,342.41,344.41,0,0,82
1476968,138,68,2322,369.63,367.63,0,0,14
1350695,139,68,2322,369.63,367.63,0,0,14
1104060,140,68,2322,359.9,360.9,0,0,54
1066261,141,68,2322,369.63,368.63,0,0,95
1253761,142,68,2322,363.81,361.81,0,0,80
1239966,143,68,2322,332.77,331.77,0,0,15
1375757,144,68,2322,359.9,360.9,0,0,96
1355904,145,68,2322,369.63,369.63,0,0,53
