files/68.csv
id,week,center_id,meal_id,checkout_price,base_price,emailer_for_promotion,homepage_featured,num_orders
1354438,1,68,1770,485.03,486.03,0,0,28
1386150,2,68,1770,485.03,485.03,0,0,14
1271571,3,68,1770,484.03,485.03,0,0,41
1076348,5,68,1770,486.03,484.03,0,0,28
1113866,7,68,1770,486.03,484.03,0,0,13
1201927,8,68,1770,485.03,485.03,0,0,13
1467960,9,68,1770,484.03,486.03,0,0,28
1263987,10,68,1770,485.03,486.03,0,0,15
1368032,12,68,1770,486.03,486.03,0,0,42
1469069,13,68,1770,484.03,484.03,0,0,14
1409724,14,68,1770,485.03,484.03,0,0,15
1245249,16,68,1770,453.02,453.02,0,0,41
1290670,18,68,1770,387.03,453.02,0,0,41
1045204,19,68,1770,435.53,436.53,0,0,40
1161561,21,68,1770,484.03,485.03,0,0,14
1051592,22,68,1770,485.03,485.03,0,0,13
1255388,23,68,1770,484.03,485.03,0,0,13
1020926,25,68,1770,484.03,485.03,0,0,27
1075308,26,68,1770,485.03,485.03,0,0,28
1132064,27,68,1770,486.03,485.03,0,0,28
1214303,30,68,1770,388.03,484.03,0,0,27
1326486,31,68,1770,388.03,486.03,0,0,14
1029973,32,68,1770,387.03,486.03,0,0,28
1085503,33,68,1770,486.03,485.03,0,0,14
1285632,34,68,1770,484.03,486.03,0,0,26
1479260,36,68,1770,484.03,484.03,0,0,14
1180891,37,68,1770,484.03,485.03,0,0,15
1271900,39,68,1770,485.03,485.03,0,0,13
1046320,42,68,1770,485.03,484.03,0,0,14
1099977,44,68,1770,461.78,461.78,0,0,26
1137049,45,68,1770,436.53,437.53,0,0,15
1221998,46,68,1770,437.53,437.53,0,0,15
1282008,48,68,1770,484.03,486.03,0,0,15
1195478,51,68,1770,485.03,486.03,0,0,26
1366874,52,68,1770,437.53,486.03,0,0,26
1195848,54,68,1770,388.03,486.03,0,0,14
1400733,55,68,1770,388.03,484.03,0,0,27
1070648,56,68,1770,389.03,486.03,0,0,15
1481802,59,68,1770,485.03,484.03,0,0,28
1422146,60,68,1770,485.03,486.03,0,0,41
1147120,61,68,1770,484.03,485.03,0,0,15
1023249,62,68,1770,486.03,486.03,0,0,15
1115183,64,68,1770,485.03,484.03,0,0,15
1139193,67,68,1770,464.63,464.63,0,0,15
1154740,68,68,1770,464.63,465.63,0,0,13
1167016,69,68,1770,464.63,465.63,0,0,40
1104048,71,68,1770,466.63,466.63,0,0,28
1061786,72,68,1770,486.03,486.03,0,0,27
1170678,73,68,1770,486.03,486.03,0,0,15
1366351,74,68,1770,485.03,484.03,0,0,14
1283405,76,68,1770,484.03,484.03,0,0,27
1497890,77,68,1770,484.03,484.03,0,0,28
1139480,79,68,1770,484.03,486.03,0,0,15
1239374,80,68,1770,485.03,485.03,0,0,15
1387457,81,68,1770,484.03,485.03,0,0,14
1062787,84,68,1770,486.03,485.03,0,0,26
1014896,85,68,1770,484.03,486.03,0,0,40
1015419,86,68,1770,484.03,484.03,0,0,27
1281333,87,68,1770,485.03,485.03,0,0,26
1093771,88,68,1770,486.03,485.03,0,0,28
1433638,89,68,1770,456.93,454.93,0,0,15
1445710,90,68,1770,456.93,456.93,0,0,27
1486845,92,68,1770,456.93,454.93,0,0,14
1057581,93,68,1770,485.03,485.03,0,0,15
1422406,95,68,1770,484.03,485.03,0,0,13
1189581,96,68,1770,485.03,485.03,0,0,26
1229497,97,68,1770,485.03,485.03,0,0,14
1297936,98,68,1770,484.03,486.03,0,0,40
1121850,99,68,1770,486.03,485.03,0,0,15
1078681,102,68,1770,485.03,484.03,0,0,15
1419895,103,68,1770,484.03,486.03,0,0,15
1004339,104,68,1770,450.14,449.14,0,0,27
1256204,106,68,1770,412.28,412.28,0,0,13
1043539,107,68,1770,411.28,411.28,0,0,15
1045329,109,68,1770,486.03,486.03,0,0,15
1085884,110,68,1770,486.03,486.03,0,0,15
1066297,113,68,1770,486.03,485.03,0,0,26
1372318,114,68,1770,486.03,484.03,0,0,13
1036861,116,68,1770,484.03,484.03,0,0,28
1060912,117,68,1770,486.03,485.03,0,0,55
1274596,118,68,1770,484.03,484.03,0,0,40
1328234,119,68,1770,484.03,486.03,0,0,27
1118098,120,68,1770,411.28,486.03,0,0,26
1256751,122,68,1770,413.28,484.03,0,0,28
1498464,126,68,1770,485.03,485.03,0,0,27
1249377,127,68,1770,486.03,485.03,0,0,13
1299664,128,68,1770,484.03,484.03,0,0,14
1237924,129,68,1770,445.23,446.23,0,0,42
1189200,130,68,1770,447.23,447.23,0,0,55
1224649,132,68,1770,446.23,446.23,0,0,40
1044637,133,68,1770,446.23,446.23,0,0,14
1466502,134,68,1770,484.03,486.03,0,0,53
1301970,135,68,1770,484.03,486.03,0,0,15
1364215,137,68,1770,484.03,484.03,0,0,42
1392521,138,68,1770,486.03,486.03,0,0,14
1328136,139,68,1770,485.03,485.03,0,0,15
1179020,140,68,1770,484.03,486.03,0,0,15
1056267,141,68,1770,486.03,486.03,0,0,13
1328573,142,68,1770,486.03,485.03,0,0,13
1311433,143,68,1770,485.03,485.03,0,0,14
1338088,144,68,1770,486.03,486.03,0,0,14
1466301,1,68,1558,587.85,612.13,1,1,176
1395507,2,68,1558,582.03,610.13,1,0,134
1340730,3,68,1558,611.13,612.13,0,0,26
1243498,4,68,1558,610.13,611.13,0,0,26
1224314,5,68,1558,621.83,621.83,0,0,40
1424700,6,68,1558,619.83,621.83,0,0,40
1437328,7,68,1558,621.83,619.83,0,0,81
1395694,8,68,1558,601.43,601.43,0,0,94
1265712,9,68,1558,582.03,583.03,0,0,108
1237966,10,68,1558,583.03,582.03,0,0,81
1454044,11,68,1558,581.03,583.03,0,0,28
1439411,12,68,1558,534.53,583.03,1,0,188
1033490,13,68,1558,532.53,581.03,1,0,80
1203683,14,68,1558,641.23,640.23,0,0,14
1498039,15,68,1558,639.23,640.23,0,0,40
1187727,16,68,1558,641.23,640.23,0,0,135
1140718,17,68,1558,641.23,639.23,0,0,68
1042447,18,68,1558,640.23,641.23,0,0,68
1247841,19,68,1558,641.23,641.23,0,0,41
1488769,20,68,1558,484.03,639.23,1,0,161
1159269,21,68,1558,485.03,639.23,1,0,136
1031886,22,68,1558,641.23,641.23,0,0,27
1355291,23,68,1558,639.23,639.23,0,0,149
1441495,24,68,1558,641.23,641.23,0,0,69
1212030,25,68,1558,639.23,639.23,0,0,121
1395387,26,68,1558,486.03,641.23,1,0,123
1318713,27,68,1558,486.03,641.23,1,1,121
1478552,28,68,1558,640.23,641.23,0,0,107
1139772,29,68,1558,639.23,639.23,0,0,69
1279404,30,68,1558,641.23,640.23,0,0,149
1375247,31,68,1558,639.23,639.23,0,0,123
1153363,32,68,1558,641.23,640.23,0,0,177
1429499,33,68,1558,639.23,641.23,0,0,55
1017846,34,68,1558,640.23,640.23,0,0,68
1017701,35,68,1558,639.23,641.23,0,0,123
1302254,36,68,1558,640.23,640.23,0,0,68
1181403,37,68,1558,457.87,641.23,1,0,242
1193793,38,68,1558,449.17,640.23,1,0,204
1451909,39,68,1558,433.59,641.23,0,1,312
1233970,40,68,1558,433.59,640.23,0,0,257
1335926,41,68,1558,639.23,640.23,0,0,67
1038536,42,68,1558,639.23,641.23,0,0,54
1496965,43,68,1558,639.23,641.23,0,0,55
1389018,44,68,1558,639.23,639.23,0,0,96
1440503,45,68,1558,533.53,639.23,1,1,162
1152384,46,68,1558,533.53,639.23,1,1,80
1295436,47,68,1558,533.53,640.23,1,1,107
1344531,48,68,1558,641.23,640.23,0,0,136
1074084,49,68,1558,641.23,639.23,0,0,121
1295790,50,68,1558,639.23,639.23,0,0,95
1044068,51,68,1558,641.23,640.23,0,0,42
1396763,52,68,1558,639.23,639.23,0,0,150
1263642,53,68,1558,640.23,639.23,0,0,108
1382344,54,68,1558,639.23,641.23,0,0,136
1104252,55,68,1558,486.03,639.23,1,1,366
1266182,56,68,1558,639.23,639.23,0,0,81
1155979,57,68,1558,640.23,641.23,0,0,15
1385275,58,68,1558,639.23,641.23,0,0,148
1199753,59,68,1558,639.23,641.23,0,0,40
1342244,60,68,1558,641.23,640.23,0,0,109
1242605,61,68,1558,445.26,640.23,1,1,257
1180881,62,68,1558,454.99,641.23,0,0,177
1216222,63,68,1558,441.41,639.23,1,1,458
1209911,64,68,1558,435.59,641.23,1,0,189
1259034,65,68,1558,640.23,641.23,0,0,94
1271752,66,68,1558,639.23,641.23,0,0,26
1482571,67,68,1558,641.23,639.23,0,0,69
1445600,68,68,1558,640.23,639.23,0,0,68
1108828,69,68,1558,641.23,641.23,0,0,81
1391256,70,68,1558,641.23,641.23,0,0,15
1450961,71,68,1558,640.23,640.23,0,0,68
1146985,72,68,1558,639.23,639.23,0,0,13
1025265,73,68,1558,639.23,640.23,0,0,123
1434550,74,68,1558,639.23,641.23,0,0,28
1498428,75,68,1558,485.03,640.23,1,0,215
1324214,76,68,1558,484.03,639.23,1,0,204
1485981,77,68,1558,641.23,640.23,0,0,67
1198065,78,68,1558,641.23,641.23,0,0,28
1480056,79,68,1558,462.69,641.23,1,1,123
1167711,80,68,1558,640.23,641.23,0,0,54
1249862,81,68,1558,641.23,640.23,0,0,15
1380496,82,68,1558,639.23,640.23,0,0,68
1320965,83,68,1558,640.23,639.23,0,0,123
1336076,84,68,1558,484.03,640.23,1,1,271
1394353,85,68,1558,485.03,640.23,1,0,217
1292374,86,68,1558,485.03,640.23,0,0,68
1251429,87,68,1558,484.03,641.23,0,0,67
1080551,88,68,1558,486.03,640.23,0,1,81
1199044,89,68,1558,474.36,639.23,1,1,217
1003042,90,68,1558,484.03,641.23,0,0,55
1189553,91,68,1558,484.03,639.23,0,0,55
1181369,92,68,1558,461.78,639.23,1,0,230
1334656,93,68,1558,436.53,640.23,1,0,190
1147843,94,68,1558,640.23,640.23,0,0,27
1303160,95,68,1558,639.23,640.23,0,1,95
1033375,96,68,1558,641.23,640.23,0,0,28
1271731,97,68,1558,640.23,641.23,0,0,95
1302968,98,68,1558,534.5,641.23,1,0,54
1117632,99,68,1558,534.5,639.23,1,0,107
1480568,100,68,1558,640.23,639.23,0,0,54
1175124,101,68,1558,640.23,641.23,0,0,69
1313471,102,68,1558,640.23,639.23,0,0,53
1285720,103,68,1558,639.23,639.23,0,0,27
1028963,104,68,1558,640.23,639.23,0,0,108
1129969,105,68,1558,639.23,641.23,0,0,42
1220610,106,68,1558,639.23,640.23,0,0,40
1273881,107,68,1558,641.23,640.23,0,0,14
1027275,108,68,1558,484.03,641.23,0,0,231
1399756,109,68,1558,485.03,640.23,1,1,203
1176943,110,68,1558,641.23,641.23,0,0,67
1077344,111,68,1558,641.23,641.23,0,0,108
1357330,112,68,1558,639.23,641.23,0,0,80
1236586,113,68,1558,462.69,641.23,1,1,175
1034881,114,68,1558,462.69,641.23,1,1,176
1318051,115,68,1558,462.69,640.23,1,0,123
1432460,116,68,1558,464.69,639.23,1,0,162
1024484,117,68,1558,432.68,641.23,1,0,203
1109171,118,68,1558,640.23,639.23,0,0,13
1118709,119,68,1558,640.23,641.23,0,0,69
1410446,120,68,1558,556.84,641.23,0,0,67
1244967,121,68,1558,496.7,640.23,1,1,242
1341911,122,68,1558,658.63,659.63,0,0,40
1052597,123,68,1558,512.19,659.63,0,0,42
1478649,124,68,1558,511.19,660.63,0,0,68
1006788,125,68,1558,511.19,658.63,0,0,95
1084329,126,68,1558,512.19,659.63,1,1,121
1211398,127,68,1558,512.19,659.63,1,1,242
1190567,128,68,1558,513.19,660.63,0,0,67
1445087,129,68,1558,512.19,658.63,0,0,68
1330274,130,68,1558,484.03,659.63,1,1,163
1361571,131,68,1558,485.97,660.63,1,1,190
1245574,132,68,1558,533.53,659.63,0,0,55
1404256,133,68,1558,533.53,534.53,0,0,54
1105132,134,68,1558,533.53,533.53,0,0,96
1108461,135,68,1558,532.53,534.53,1,0,216
1059467,136,68,1558,534.53,533.53,1,1,244
1224971,137,68,1558,533.53,533.53,0,0,135
1043288,138,68,1558,534.53,532.53,0,0,108
1401557,139,68,1558,532.53,533.53,0,0,123
1417180,140,68,1558,533.53,534.53,0,0,177
1043030,141,68,1558,519.98,533.53,1,1,325
1115600,142,68,1558,508.28,534.53,1,1,243
1101281,143,68,1558,514.13,513.13,0,0,150
1314982,144,68,1558,512.19,511.19,0,0,82
1230574,145,68,1558,511.19,512.19,0,0,95
1133257,1,68,2581,583.03,612.13,1,1,108
1476911,2,68,2581,581.03,611.13,1,1,177
1496922,3,68,2581,611.13,612.13,0,0,95
1213415,4,68,2581,611.13,611.13,0,0,107
1100022,5,68,2581,614.98,615.98,0,0,28
1158750,6,68,2581,620.83,621.83,0,0,150
1245000,7,68,2581,621.83,620.83,0,0,136
1044416,8,68,2581,613.07,614.07,0,0,53
1151057,9,68,2581,589.79,589.79,0,0,69
1209449,10,68,2581,581.03,582.03,0,0,123
1029480,11,68,2581,581.03,583.03,0,0,107
1143025,12,68,2581,532.53,581.03,1,1,215
1099218,13,68,2581,534.53,581.03,1,1,258
1305170,14,68,2581,639.23,640.23,0,0,148
1099630,15,68,2581,640.23,640.23,0,0,55
1436552,16,68,2581,641.23,639.23,0,0,68
1099038,17,68,2581,639.23,639.23,0,0,162
1097780,18,68,2581,641.23,640.23,0,0,68
1376615,19,68,2581,639.23,641.23,0,0,123
1372286,20,68,2581,485.03,641.23,1,0,202
1167393,21,68,2581,486.03,640.23,1,1,216
1184445,22,68,2581,641.23,640.23,0,0,96
1026702,23,68,2581,639.23,640.23,0,0,149
1108395,24,68,2581,639.23,639.23,0,0,96
1114767,25,68,2581,641.23,641.23,0,0,136
1338658,26,68,2581,484.03,639.23,1,1,177
1249939,27,68,2581,500.58,641.23,1,0,150
1487741,28,68,2581,639.23,640.23,0,0,54
1097032,29,68,2581,639.23,639.23,0,0,189
1113239,30,68,2581,640.23,641.23,0,0,136
1121315,31,68,2581,641.23,640.23,0,0,94
1095179,32,68,2581,640.23,639.23,0,0,107
1305072,33,68,2581,640.23,641.23,0,0,95
1033981,34,68,2581,639.23,640.23,0,0,69
1202062,35,68,2581,640.23,639.23,0,0,55
1448543,36,68,2581,641.23,639.23,0,0,96
1032232,37,68,2581,435.59,640.23,1,1,715
1256202,38,68,2581,435.59,640.23,1,1,663
1464494,39,68,2581,433.59,640.23,0,1,432
1007698,40,68,2581,433.59,640.23,0,1,217
1076533,41,68,2581,641.23,641.23,0,0,136
1168846,42,68,2581,640.23,639.23,0,0,27
1419422,43,68,2581,640.23,640.23,0,0,175
1134830,44,68,2581,641.23,641.23,0,0,109
1248870,45,68,2581,534.53,641.23,1,1,134
1335812,46,68,2581,543.23,641.23,1,1,149
1490258,47,68,2581,533.53,639.23,1,1,149
1441130,48,68,2581,641.23,640.23,0,0,162
1290412,49,68,2581,639.23,640.23,0,0,123
1361216,50,68,2581,639.23,640.23,0,0,176
1063731,51,68,2581,641.23,639.23,0,0,177
1356106,52,68,2581,639.23,640.23,0,0,123
1437563,53,68,2581,641.23,641.23,0,0,162
1281602,54,68,2581,639.23,639.23,0,0,96
1075556,55,68,2581,496.67,639.23,1,1,337
1271138,56,68,2581,640.23,640.23,0,0,95
1023049,57,68,2581,641.23,639.23,0,0,82
1148551,58,68,2581,640.23,639.23,0,0,108
1358889,59,68,2581,641.23,639.23,0,0,94
1067629,60,68,2581,641.23,641.23,0,0,69
1476305,61,68,2581,434.59,640.23,1,1,378
1251858,62,68,2581,435.59,639.23,0,1,244
1381005,63,68,2581,434.59,640.23,1,1,541
1165480,64,68,2581,434.59,639.23,1,0,270
1033659,65,68,2581,640.23,640.23,0,0,80
1242788,66,68,2581,641.23,639.23,0,0,148
1254001,67,68,2581,640.23,641.23,0,0,67
1438707,68,68,2581,640.23,639.23,0,0,189
1484972,69,68,2581,641.23,639.23,0,0,122
1003158,70,68,2581,641.23,640.23,0,0,109
1223361,71,68,2581,640.23,640.23,0,0,67
1143774,72,68,2581,639.23,640.23,0,0,95
1158086,73,68,2581,639.23,640.23,0,0,109
1320882,74,68,2581,640.23,639.23,0,0,96
1364201,75,68,2581,484.03,640.23,1,1,391
1447221,76,68,2581,484.03,639.23,1,1,258
1050768,77,68,2581,622.77,622.77,0,0,121
1326292,78,68,2581,641.23,641.23,0,0,136
1121706,79,68,2581,463.69,641.23,1,1,242
1195681,80,68,2581,639.23,639.23,0,0,67
1106019,81,68,2581,641.23,641.23,0,0,161
1004850,82,68,2581,641.23,641.23,0,0,149
1244969,83,68,2581,640.23,641.23,0,0,161
1006189,84,68,2581,484.03,641.23,1,1,365
1435631,85,68,2581,484.03,639.23,1,1,216
1357076,86,68,2581,484.03,639.23,0,0,123
1426660,87,68,2581,496.7,641.23,0,0,189
1326847,88,68,2581,486.03,641.23,0,1,148
1227134,89,68,2581,464.69,641.23,1,1,231
1173220,90,68,2581,484.06,639.23,0,0,202
1479693,91,68,2581,496.7,640.23,0,0,203
1208399,92,68,2581,436.53,641.23,1,0,256
1286458,93,68,2581,450.11,640.23,1,0,202
1487399,94,68,2581,639.23,639.23,0,0,150
1387869,95,68,2581,641.23,641.23,0,0,42
1218223,96,68,2581,639.23,639.23,0,0,81
1184093,97,68,2581,640.23,639.23,0,0,40
1402686,98,68,2581,535.5,639.23,1,0,122
1290277,99,68,2581,533.5,641.23,1,0,121
1023455,100,68,2581,641.23,641.23,0,0,123
1222036,101,68,2581,641.23,641.23,0,0,150
1047849,102,68,2581,641.23,641.23,0,0,150
1034458,103,68,2581,640.23,640.23,0,0,40
1439010,104,68,2581,639.23,641.23,0,0,149
1005414,105,68,2581,639.23,640.23,0,0,122
1246220,106,68,2581,640.23,639.23,0,0,80
1340743,107,68,2581,641.23,640.23,0,0,68
1160854,108,68,2581,493.73,639.23,0,1,217
1396712,109,68,2581,486.03,641.23,1,1,325
1498876,110,68,2581,641.23,641.23,0,0,27
1074824,111,68,2581,639.23,640.23,0,0,80
1238164,112,68,2581,639.23,641.23,0,0,82
1106333,113,68,2581,463.69,640.23,1,1,175
1464239,114,68,2581,464.69,641.23,1,1,203
1251246,115,68,2581,462.69,639.23,1,1,203
1175402,116,68,2581,463.69,639.23,1,1,136
1287062,117,68,2581,462.69,639.23,1,1,162
1407799,118,68,2581,639.23,641.23,0,0,136
1021565,119,68,2581,640.23,639.23,0,0,122
1241893,120,68,2581,625.71,625.71,0,0,68
1355204,121,68,2581,485,624.71,1,1,217
1462875,122,68,2581,660.63,660.63,0,0,149
1065232,123,68,2581,513.19,658.63,0,0,121
1371965,124,68,2581,513.19,659.63,0,0,69
1423112,125,68,2581,512.19,660.63,0,0,96
1304092,126,68,2581,513.19,659.63,1,1,188
1473172,127,68,2581,511.19,658.63,1,0,215
1196820,128,68,2581,512.19,659.63,0,0,190
1240862,129,68,2581,506.34,659.63,0,0,148
1468315,130,68,2581,484.03,660.63,1,1,242
1056438,131,68,2581,484.03,660.63,1,1,243
1280167,132,68,2581,532.53,659.63,0,0,95
1437017,133,68,2581,534.53,534.53,0,0,150
1431914,134,68,2581,533.53,534.53,0,0,82
1450741,135,68,2581,534.53,533.53,1,1,163
1406599,136,68,2581,533.53,532.53,1,1,163
1371525,137,68,2581,532.53,533.53,0,0,161
1079252,138,68,2581,534.53,532.53,0,0,109
1437539,139,68,2581,532.53,532.53,0,0,204
1076366,140,68,2581,534.53,533.53,0,0,148
1115174,141,68,2581,519.01,534.53,1,1,297
1377654,142,68,2581,513.16,532.53,1,1,419
1481051,143,68,2581,513.13,514.13,0,0,135
1153852,144,68,2581,513.19,513.19,0,0,150
1094230,145,68,2581,511.19,513.19,0,0,256
