files/68.csv
id,week,center_id,meal_id,checkout_price,base_price,emailer_for_promotion,homepage_featured,num_orders
1126263,1,68,2304,505.43,504.43,0,0,55
1232968,2,68,2304,504.43,504.43,0,0,40
1217049,4,68,2304,504.43,504.43,0,0,28
1208794,5,68,2304,481.12,483.12,0,0,80
1086946,6,68,2304,444.29,483.12,1,0,134
1406491,7,68,2304,438.5,481.12,1,0,27
1370960,8,68,2304,438.5,438.5,0,0,27
1111407,9,68,2304,436.5,438.5,0,0,14
1235761,10,68,2304,504.43,504.43,0,0,15
1399989,11,68,2304,504.43,505.43,0,0,40
1209063,12,68,2304,504.43,503.43,0,0,15
1181535,13,68,2304,504.43,505.43,0,0,13
1474154,14,68,2304,389.03,503.43,0,0,42
1024295,15,68,2304,389.03,505.43,1,0,122
1301926,16,68,2304,389.03,503.43,0,0,40
1155900,17,68,2304,387.03,504.43,0,0,55
1179783,18,68,2304,389.03,505.43,0,0,40
1257242,19,68,2304,387.03,505.43,0,0,42
1463450,20,68,2304,388.03,505.43,0,0,68
1310611,21,68,2304,505.43,503.43,0,0,14
1238369,23,68,2304,504.43,504.43,0,0,27
1155099,24,68,2304,503.43,505.43,0,0,27
1134673,29,68,2304,503.43,505.43,0,0,15
1499505,30,68,2304,505.43,505.43,0,0,15
1051196,31,68,2304,458.87,457.87,0,0,69
1434311,32,68,2304,388.03,458.87,1,0,215
1229051,33,68,2304,388.03,458.87,1,0,42
1289631,34,68,2304,388.03,456.87,0,0,26
1348289,35,68,2304,389.03,456.87,0,0,80
1186198,36,68,2304,505.43,504.43,0,0,26
1369286,37,68,2304,503.43,503.43,0,1,27
1486106,38,68,2304,465.63,503.43,0,1,55
1324349,40,68,2304,466.63,465.63,0,0,53
1383317,41,68,2304,464.63,465.63,0,0,28
1156263,42,68,2304,426.83,425.83,0,0,55
1358591,43,68,2304,394.85,425.83,1,0,189
1223727,44,68,2304,388.03,427.83,1,1,243
1230557,45,68,2304,389.03,427.83,0,1,121
1161713,46,68,2304,413.22,425.83,0,1,163
1339281,47,68,2304,465.63,466.63,0,0,15
1116187,48,68,2304,464.63,464.63,0,1,107
1363894,49,68,2304,464.63,465.63,0,1,69
1140892,50,68,2304,464.63,466.63,0,1,96
1120058,51,68,2304,465.63,466.63,0,1,82
1455151,52,68,2304,466.63,466.63,0,0,55
1364718,53,68,2304,465.63,466.63,0,0,26
1430546,54,68,2304,481.18,480.18,0,0,108
1447658,55,68,2304,388.03,480.18,1,0,67
1449814,56,68,2304,389.03,479.18,0,0,41
1162633,57,68,2304,388.03,481.18,0,0,53
1164678,58,68,2304,388.03,480.18,0,0,53
1196893,59,68,2304,561.63,563.63,0,0,13
1254263,60,68,2304,562.63,562.63,0,0,26
1472194,61,68,2304,561.63,563.63,0,0,26
1288598,62,68,2304,563.63,563.63,0,0,68
1408801,63,68,2304,563.63,562.63,0,0,26
1084063,64,68,2304,563.63,561.63,0,0,53
1325684,65,68,2304,562.63,562.63,0,0,28
1070231,67,68,2304,561.63,561.63,0,0,42
1469047,68,68,2304,562.63,562.63,0,0,27
1301598,69,68,2304,561.63,562.63,0,0,69
1061320,71,68,2304,562.63,562.63,0,0,42
1051949,72,68,2304,375.39,563.63,1,1,190
1209461,73,68,2304,387.03,562.63,0,0,40
1266387,74,68,2304,418.13,562.63,0,0,81
1111761,75,68,2304,389.03,561.63,0,0,80
1202546,76,68,2304,563.63,561.63,0,0,26
1018298,77,68,2304,562.63,563.63,0,0,41
1234157,78,68,2304,561.63,561.63,0,0,15
1186331,79,68,2304,563.63,562.63,0,0,41
1058188,80,68,2304,562.63,562.63,0,0,42
1356361,81,68,2304,562.63,561.63,0,0,14
1304611,83,68,2304,388.03,562.63,1,1,54
1101576,84,68,2304,388.03,561.63,0,0,41
1063698,85,68,2304,388.03,562.63,0,0,69
1029611,86,68,2304,387.03,562.63,0,0,96
1256637,87,68,2304,562.63,561.63,0,0,27
1380476,88,68,2304,561.63,562.63,0,0,27
1263628,89,68,2304,563.63,561.63,0,0,26
1041515,90,68,2304,524.83,523.83,0,0,26
1481383,91,68,2304,522.83,522.83,0,0,27
1276913,92,68,2304,523.83,524.83,0,0,26
1376994,93,68,2304,523.83,523.83,0,0,53
1061363,94,68,2304,522.83,524.83,0,0,13
1383491,95,68,2304,474.39,474.39,0,0,53
1489295,96,68,2304,473.39,473.39,0,0,41
1188265,97,68,2304,473.39,473.39,0,0,41
1179609,98,68,2304,472.39,472.39,0,0,13
1416309,99,68,2304,473.39,473.39,0,0,15
1265902,100,68,2304,474.39,473.39,0,0,26
1108902,101,68,2304,473.39,472.39,0,0,53
1097398,102,68,2304,472.39,473.39,0,0,41
1256664,104,68,2304,472.39,473.39,0,0,54
1368143,105,68,2304,472.39,472.39,0,0,14
1112452,106,68,2304,474.39,474.39,0,0,54
1367338,107,68,2304,472.39,472.39,0,0,42
1461538,109,68,2304,473.39,474.39,0,0,41
1260462,110,68,2304,474.39,473.39,0,0,14
1265151,111,68,2304,474.39,473.39,0,0,40
1128770,112,68,2304,472.39,474.39,0,0,28
1150322,113,68,2304,473.39,473.39,0,0,26
1292255,114,68,2304,474.39,472.39,0,0,81
1151246,115,68,2304,472.39,472.39,0,0,94
1351060,116,68,2304,472.39,473.39,0,0,80
1421994,117,68,2304,406.49,473.39,0,0,69
1158542,118,68,2304,389.03,472.39,0,0,54
1481559,119,68,2304,388.03,473.39,0,0,121
1111568,120,68,2304,389.03,473.39,0,0,96
1108128,121,68,2304,468.51,468.51,0,0,15
1430407,122,68,2304,469.51,470.51,0,0,54
1052119,123,68,2304,469.51,470.51,0,0,13
1013388,124,68,2304,470.51,469.51,0,0,69
1419347,125,68,2304,314.34,468.51,1,0,163
1050229,126,68,2304,273.54,470.51,1,0,161
1428013,128,68,2304,389.03,469.51,0,0,54
1252480,129,68,2304,470.51,469.51,0,0,68
1362695,130,68,2304,468.51,469.51,0,0,26
1277921,131,68,2304,470.51,468.51,0,0,42
1240863,132,68,2304,469.51,469.51,0,0,14
1174332,133,68,2304,484.09,482.09,0,0,14
1498386,134,68,2304,484.09,484.09,0,0,13
1198243,135,68,2304,482.09,482.09,0,0,67
1102836,136,68,2304,484.09,483.09,0,0,42
1221324,137,68,2304,362.84,482.09,1,0,149
1286062,138,68,2304,388.03,483.09,0,1,54
1355781,139,68,2304,388.03,482.09,0,1,95
1137384,140,68,2304,411.28,484.09,0,1,55
1012748,141,68,2304,484.09,482.09,0,0,81
1427127,142,68,2304,483.09,484.09,0,0,13
1321614,143,68,2304,483.09,484.09,0,0,80
1390682,144,68,2304,483.09,482.09,0,0,54
1489135,145,68,2304,483.09,482.09,0,0,40
1414609,15,68,2664,326.89,327.89,0,0,162
1316189,16,68,2664,328.89,327.89,0,0,231
1356059,17,68,2664,326.89,327.89,0,0,283
1483862,18,68,2664,327.89,327.89,0,0,420
1230540,19,68,2664,327.89,328.89,0,0,474
1112923,20,68,2664,328.89,328.89,0,0,311
1047133,21,68,2664,328.89,327.89,0,0,406
1351042,22,68,2664,328.89,328.89,0,0,486
1443545,23,68,2664,326.89,327.89,0,0,296
1328380,24,68,2664,328.89,326.89,0,0,528
1138832,25,68,2664,326.89,328.89,0,0,297
1120270,26,68,2664,326.89,327.89,0,0,256
1389308,27,68,2664,244.5,327.89,0,0,485
1394253,28,68,2664,328.89,326.89,0,0,325
1008404,29,68,2664,327.89,328.89,0,0,433
1105448,30,68,2664,326.89,327.89,0,0,337
1225186,31,68,2664,328.89,326.89,0,0,420
1309740,32,68,2664,326.89,326.89,0,0,418
1468678,33,68,2664,327.89,326.89,0,0,526
1076392,34,68,2664,328.89,326.89,0,0,364
1028980,35,68,2664,328.89,326.89,0,0,393
1360826,36,68,2664,327.89,328.89,0,0,337
1088757,37,68,2664,244.47,327.89,1,0,836
1350174,38,68,2664,327.89,328.89,0,0,379
1179451,39,68,2664,328.89,327.89,0,0,338
1264246,40,68,2664,327.89,327.89,0,0,377
1231135,41,68,2664,328.89,327.89,0,0,298
1425108,42,68,2664,328.89,328.89,0,0,636
1156688,43,68,2664,328.89,326.89,0,0,217
1052167,44,68,2664,326.89,327.89,0,0,256
1234125,45,68,2664,327.89,327.89,0,0,337
1450600,46,68,2664,327.89,328.89,0,0,176
1318737,47,68,2664,328.89,326.89,0,0,297
1219488,48,68,2664,326.89,327.89,0,0,229
1409793,49,68,2664,328.89,328.89,0,0,312
1238523,50,68,2664,328.89,327.89,0,0,297
1449122,51,68,2664,326.89,328.89,0,0,150
1343393,52,68,2664,328.89,328.89,0,0,297
1310329,53,68,2664,327.89,328.89,0,0,391
1478018,54,68,2664,327.89,326.89,0,0,339
1424688,55,68,2664,326.89,327.89,0,0,323
1223267,56,68,2664,259.02,326.89,1,1,715
1015040,57,68,2664,261.9,328.89,1,1,648
1039147,58,68,2664,326.89,327.89,0,0,364
1304318,59,68,2664,328.89,326.89,0,0,310
1339421,60,68,2664,327.89,328.89,0,0,324
1456380,61,68,2664,326.89,327.89,0,0,323
1149886,62,68,2664,328.89,328.89,0,0,95
1335294,63,68,2664,326.89,326.89,0,0,270
1397177,64,68,2664,327.89,328.89,0,0,365
1076596,65,68,2664,328.89,326.89,0,0,190
1296586,66,68,2664,327.89,326.89,0,0,230
1364819,67,68,2664,326.89,327.89,0,0,189
1169927,68,68,2664,326.89,327.89,0,0,312
1483465,69,68,2664,326.89,326.89,0,0,350
1266286,70,68,2664,327.89,327.89,0,0,216
1426606,71,68,2664,328.89,326.89,0,0,337
1112874,72,68,2664,328.89,328.89,0,0,284
1062827,73,68,2664,327.89,326.89,0,0,365
1397278,74,68,2664,326.89,326.89,0,0,350
1151668,75,68,2664,328.89,326.89,0,0,337
1036278,76,68,2664,327.89,326.89,0,0,163
1071950,77,68,2664,327.89,326.89,0,0,269
1127319,78,68,2664,310.4,310.4,0,0,189
1303618,79,68,2664,310.43,310.43,0,0,217
1218281,80,68,2664,311.43,309.43,0,0,177
1166024,81,68,2664,311.43,311.43,0,0,203
1255048,82,68,2664,242.5,310.43,1,0,324
1155364,83,68,2664,310.43,311.43,0,0,297
1350945,84,68,2664,310.43,309.43,0,0,256
1463683,85,68,2664,310.43,311.43,0,0,378
1195322,86,68,2664,309.43,310.43,0,0,283
1258760,87,68,2664,310.43,311.43,0,0,283
1166561,88,68,2664,309.43,310.43,0,0,323
1074132,89,68,2664,311.43,311.43,0,0,217
1243287,90,68,2664,311.43,311.43,0,0,257
1411205,91,68,2664,286.18,285.18,0,0,269
1084270,92,68,2664,282.3,283.3,0,0,284
1492465,93,68,2664,283.3,281.3,0,0,284
1108334,94,68,2664,283.3,281.3,0,0,217
1227042,95,68,2664,282.3,282.3,0,0,175
1408080,96,68,2664,282.3,282.3,0,0,189
1029144,97,68,2664,281.3,282.3,0,0,175
1213946,98,68,2664,282.3,283.3,0,0,190
1196837,99,68,2664,281.3,282.3,0,0,148
1043139,100,68,2664,261.96,259.96,0,0,177
1243703,101,68,2664,282.3,282.3,0,0,298
1464766,102,68,2664,281.3,283.3,0,0,230
1332201,103,68,2664,283.3,282.3,0,0,161
1155278,104,68,2664,283.3,283.3,0,0,311
1224434,105,68,2664,281.3,283.3,0,0,283
1246522,106,68,2664,281.3,283.3,0,0,242
1434946,107,68,2664,282.3,282.3,0,0,364
1126022,108,68,2664,283.3,283.3,0,0,217
1002329,109,68,2664,283.3,281.3,0,0,242
1352731,110,68,2664,282.3,281.3,0,0,161
1143565,111,68,2664,283.3,281.3,0,0,229
1444216,112,68,2664,281.3,282.3,0,0,325
1363453,113,68,2664,283.3,283.3,0,0,271
1329431,114,68,2664,282.3,283.3,0,0,324
1041585,115,68,2664,241.53,281.3,1,0,459
1378127,116,68,2664,243.47,282.3,0,0,296
1458649,117,68,2664,282.3,282.3,0,0,229
1227149,118,68,2664,282.3,281.3,0,0,283
1084698,119,68,2664,276.51,275.51,0,0,271
1244784,120,68,2664,282.3,281.3,0,0,258
1061021,121,68,2664,281.3,282.3,0,0,270
1420833,122,68,2664,283.3,282.3,0,0,350
1373811,123,68,2664,259.99,258.99,0,0,338
1118181,124,68,2664,281.3,282.3,0,0,298
1165767,125,68,2664,281.3,281.3,0,0,269
1125905,126,68,2664,324.04,323.04,0,0,364
1109616,127,68,2664,340.53,339.53,0,0,296
1409530,128,68,2664,338.53,338.53,0,0,80
1347476,129,68,2664,340.53,338.53,0,0,95
1323461,130,68,2664,338.53,340.53,0,0,26
1224447,131,68,2664,339.53,339.53,0,0,42
1012278,132,68,2664,339.53,339.53,0,0,26
1342329,133,68,2664,338.53,338.53,0,0,26
1457001,134,68,2664,340.53,340.53,0,0,107
1198717,135,68,2664,339.53,338.53,0,0,123
1334648,136,68,2664,338.53,339.53,0,0,122
1177301,137,68,2664,340.53,339.53,0,0,135
1104191,138,68,2664,295.88,338.53,0,0,189
1492795,139,68,2664,340.53,339.53,0,0,69
1018368,140,68,2664,289.09,339.53,0,0,162
1454129,141,68,2664,283.24,338.53,0,0,123
1383122,142,68,2664,280.33,339.53,0,0,231
1382089,143,68,2664,284.24,339.53,0,0,190
1271773,144,68,2664,243.5,339.53,1,0,258
1404370,145,68,2664,247.38,340.53,0,0,269
1432760,18,68,2569,327.89,327.89,0,0,136
1159450,19,68,2569,326.89,327.89,0,0,123
1309515,20,68,2569,327.89,326.89,0,0,231
1248051,21,68,2569,326.89,326.89,0,0,258
1215938,22,68,2569,328.89,328.89,0,0,242
1404665,23,68,2569,327.89,327.89,0,0,122
1482427,24,68,2569,327.89,327.89,0,0,121
1414838,25,68,2569,327.89,327.89,0,0,175
1267418,26,68,2569,327.89,328.89,0,0,203
1082228,27,68,2569,243.5,328.89,0,0,432
1273670,28,68,2569,322.07,322.07,0,0,203
1142082,29,68,2569,326.89,326.89,0,0,162
1385962,30,68,2569,327.89,328.89,0,0,271
1014320,31,68,2569,327.89,326.89,0,0,134
1464352,32,68,2569,326.89,328.89,0,0,271
1269327,33,68,2569,327.89,327.89,0,0,339
1499290,34,68,2569,327.89,327.89,0,0,244
1398587,35,68,2569,327.89,327.89,0,0,323
1351900,36,68,2569,327.89,327.89,0,0,217
1342672,37,68,2569,244.5,328.89,1,0,555
1012550,38,68,2569,326.89,328.89,0,0,162
1204269,39,68,2569,326.89,328.89,0,0,216
1287275,40,68,2569,328.89,327.89,0,0,162
1411352,41,68,2569,328.89,326.89,0,0,312
1497938,42,68,2569,327.89,327.89,0,0,392
1012296,43,68,2569,328.89,326.89,0,0,217
1420847,44,68,2569,327.89,328.89,0,0,203
1036510,45,68,2569,328.89,327.89,0,0,296
1009653,46,68,2569,326.89,326.89,0,0,162
1231084,47,68,2569,326.89,328.89,0,0,215
1199295,48,68,2569,262.93,327.89,0,0,296
1078144,49,68,2569,328.89,327.89,0,0,216
1425461,50,68,2569,327.89,327.89,0,0,177
1343297,51,68,2569,328.89,327.89,0,0,135
1018348,52,68,2569,326.89,327.89,0,0,244
1327339,53,68,2569,326.89,327.89,0,0,203
1490152,54,68,2569,328.89,327.89,0,0,269
1110404,55,68,2569,328.89,328.89,0,0,229
1149384,56,68,2569,262.9,326.89,1,1,784
1051239,57,68,2569,260.93,328.89,1,0,769
1434275,58,68,2569,325.95,324.95,0,0,298
1099561,59,68,2569,328.89,328.89,0,0,162
1267843,60,68,2569,326.89,327.89,0,0,271
1104211,61,68,2569,327.89,327.89,0,0,323
1032796,62,68,2569,327.89,328.89,0,0,121
1430971,63,68,2569,328.89,328.89,0,0,257
1006141,64,68,2569,326.89,328.89,0,0,324
1403430,65,68,2569,310.4,310.4,0,0,325
1079982,66,68,2569,328.89,328.89,0,0,352
1054160,67,68,2569,328.89,327.89,0,0,215
1086473,68,68,2569,326.89,326.89,0,0,256
1344254,69,68,2569,328.89,326.89,0,0,284
1336830,70,68,2569,326.89,328.89,0,0,256
1477407,71,68,2569,328.89,328.89,0,0,460
1055211,72,68,2569,326.89,328.89,0,0,229
1339376,73,68,2569,328.89,326.89,0,0,177
1336416,74,68,2569,327.89,327.89,0,0,229
1128761,75,68,2569,326.89,328.89,0,0,177
1125795,76,68,2569,328.89,327.89,0,0,203
1280747,77,68,2569,326.89,326.89,0,0,351
1146855,78,68,2569,310.4,312.4,0,0,203
1088552,79,68,2569,310.43,311.43,0,0,136
1284352,80,68,2569,300.76,298.76,0,0,257
1050340,81,68,2569,309.43,311.43,0,0,242
1194892,82,68,2569,244.44,311.43,1,0,554
1405004,83,68,2569,293,293,0,0,269
1490693,84,68,2569,309.43,311.43,0,0,244
1003096,85,68,2569,311.43,310.43,0,0,377
1180876,86,68,2569,310.43,310.43,0,0,202
1441573,87,68,2569,310.43,311.43,0,0,283
1384028,88,68,2569,309.43,311.43,0,0,149
1105865,89,68,2569,310.43,311.43,0,0,202
1178461,90,68,2569,311.43,310.43,0,0,188
1251716,91,68,2569,289.06,290.06,0,0,190
1162597,92,68,2569,282.3,281.3,0,0,258
1044105,93,68,2569,282.3,282.3,0,0,459
1223427,94,68,2569,282.3,281.3,0,0,204
1376889,95,68,2569,282.3,282.3,0,0,215
1343633,96,68,2569,281.3,283.3,0,0,283
1263076,97,68,2569,266.81,265.81,0,0,229
1056259,98,68,2569,282.3,283.3,0,0,339
1087429,99,68,2569,270.69,270.69,0,0,296
1340339,100,68,2569,282.3,282.3,0,0,323
1005704,101,68,2569,282.3,281.3,0,0,177
1205116,102,68,2569,281.3,282.3,0,0,202
1181367,103,68,2569,282.3,282.3,0,0,123
1085803,104,68,2569,283.3,281.3,0,0,283
1456091,105,68,2569,282.3,283.3,0,0,243
1080816,106,68,2569,282.3,281.3,0,0,188
1335547,107,68,2569,281.3,282.3,0,0,215
1377094,108,68,2569,283.3,282.3,0,0,215
1475989,109,68,2569,281.3,282.3,0,0,136
1404035,110,68,2569,281.3,281.3,0,0,177
1377789,111,68,2569,282.3,283.3,0,0,136
1221481,112,68,2569,283.3,283.3,0,0,270
1073166,113,68,2569,281.3,283.3,0,0,136
1253150,114,68,2569,282.3,283.3,0,0,135
1016672,115,68,2569,245.41,282.3,1,0,269
1484894,116,68,2569,243.47,282.3,0,0,284
1455603,117,68,2569,279.39,279.39,0,0,177
1423068,118,68,2569,283.3,281.3,0,0,177
1329952,119,68,2569,282.3,281.3,0,0,135
1323650,120,68,2569,281.3,281.3,0,0,189
1266414,121,68,2569,281.3,283.3,0,0,189
1019828,122,68,2569,244.47,282.3,0,0,202
1085827,123,68,2569,282.3,281.3,0,0,163
1457046,124,68,2569,261.96,259.96,0,0,177
1098626,125,68,2569,282.3,283.3,0,0,148
1471692,126,68,2569,334.71,332.71,0,0,135
1047160,127,68,2569,339.53,339.53,0,0,243
1438660,128,68,2569,338.53,340.53,0,0,96
1357373,129,68,2569,339.53,339.53,0,0,162
1216211,130,68,2569,338.53,339.53,0,0,108
1349577,131,68,2569,340.53,338.53,0,0,81
1282540,132,68,2569,340.53,339.53,0,0,122
1296119,133,68,2569,340.53,338.53,0,0,162
1019796,134,68,2569,340.53,340.53,0,0,202
1338362,135,68,2569,340.53,339.53,0,0,96
1193722,136,68,2569,171.75,339.53,0,0,95
1437994,137,68,2569,340.53,340.53,0,0,298
1201794,138,68,2569,339.53,340.53,0,0,122
1115807,139,68,2569,338.53,338.53,0,0,190
1186856,140,68,2569,287.12,339.53,0,0,175
1334329,141,68,2569,285.24,338.53,0,0,175
1145507,142,68,2569,284.24,340.53,0,0,162
1041851,143,68,2569,284.24,340.53,0,0,108
1045009,144,68,2569,234.8,340.53,1,0,338
1158149,145,68,2569,245.44,338.53,0,0,378
